<?xml version="1.0" encoding="utf-8"?><testsuites><testsuite errors="0" failures="0" hostname="UMN201456497" name="pytest" skipped="0" tests="109" time="74.884" timestamp="2020-05-13T18:50:53.057083"><testcase classname="research_tools.tests.test_feature_data.Test_feature_data_exist_df" file="research_tools\tests\test_feature_data.py" line="99" name="test_df_pet_no3" time="0.124"></testcase><testcase classname="research_tools.tests.test_feature_data.Test_feature_data_exist_df" file="research_tools\tests\test_feature_data.py" line="106" name="test_df_vine_n_pct" time="0.117"></testcase><testcase classname="research_tools.tests.test_feature_data.Test_feature_data_exist_df" file="research_tools\tests\test_feature_data.py" line="113" name="test_df_tuber_n_pct" time="0.111"></testcase><testcase classname="research_tools.tests.test_feature_data.Test_feature_data_exist_df" file="research_tools\tests\test_feature_data.py" line="120" name="test_df_cs" time="0.120"></testcase><testcase classname="research_tools.tests.test_feature_data.Test_feature_data_exist_simple_df" file="research_tools\tests\test_feature_data.py" line="129" name="test_simple_df_pet_no3" time="0.124"></testcase><testcase classname="research_tools.tests.test_feature_data.Test_feature_data_exist_simple_df" file="research_tools\tests\test_feature_data.py" line="136" name="test_simple_df_vine_n_pct" time="0.110"></testcase><testcase classname="research_tools.tests.test_feature_data.Test_feature_data_exist_simple_df" file="research_tools\tests\test_feature_data.py" line="143" name="test_simple_df_tuber_n_pct" time="0.110"></testcase><testcase classname="research_tools.tests.test_feature_data.Test_feature_data_exist_simple_df" file="research_tools\tests\test_feature_data.py" line="150" name="test_simple_df_cs" time="0.116"></testcase><testcase classname="research_tools.tests.test_feature_data.Test_feature_data_self" file="research_tools\tests\test_feature_data.py" line="159" name="test_group_feats" time="0.286"></testcase><testcase classname="research_tools.tests.test_feature_data.Test_feature_data_self" file="research_tools\tests\test_feature_data.py" line="165" name="test_ground_truth" time="0.301"></testcase><testcase classname="research_tools.tests.test_feature_data.Test_feature_data_self" file="research_tools\tests\test_feature_data.py" line="169" name="test_date_tolerance" time="0.287"></testcase><testcase classname="research_tools.tests.test_feature_data.Test_feature_data_self" file="research_tools\tests\test_feature_data.py" line="173" name="test_test_size" time="0.309"></testcase><testcase classname="research_tools.tests.test_feature_data.Test_feature_data_self" file="research_tools\tests\test_feature_data.py" line="177" name="test_stratify" time="0.293"></testcase><testcase classname="research_tools.tests.test_feature_data.Test_feature_data_self_other_X_and_y" file="research_tools\tests\test_feature_data.py" line="184" name="test_group_cropscan_bands" time="0.295"></testcase><testcase classname="research_tools.tests.test_feature_data.Test_feature_data_self_other_X_and_y" file="research_tools\tests\test_feature_data.py" line="196" name="test_get_y_pet_no3_ppm" time="0.415"></testcase><testcase classname="research_tools.tests.test_feature_data.Test_feature_data_self_other_X_and_y" file="research_tools\tests\test_feature_data.py" line="203" name="test_get_y_tuber_n_pct" time="0.304"></testcase><testcase classname="research_tools.tests.test_feature_data.Test_feature_data_X_and_y" file="research_tools\tests\test_feature_data.py" line="212" name="test_X_train_shape" time="0.327"></testcase><testcase classname="research_tools.tests.test_feature_data.Test_feature_data_X_and_y" file="research_tools\tests\test_feature_data.py" line="216" name="test_X_test_shape" time="0.293"></testcase><testcase classname="research_tools.tests.test_feature_data.Test_feature_data_X_and_y" file="research_tools\tests\test_feature_data.py" line="220" name="test_y_train_shape" time="0.290"></testcase><testcase classname="research_tools.tests.test_feature_data.Test_feature_data_X_and_y" file="research_tools\tests\test_feature_data.py" line="224" name="test_y_test_shape" time="0.286"></testcase><testcase classname="research_tools.tests.test_feature_data.Test_feature_data_labels" file="research_tools\tests\test_feature_data.py" line="230" name="test_labels_id" time="0.311"></testcase><testcase classname="research_tools.tests.test_feature_data.Test_feature_data_labels" file="research_tools\tests\test_feature_data.py" line="235" name="test_labels_x" time="0.333"></testcase><testcase classname="research_tools.tests.test_feature_data.Test_feature_data_labels" file="research_tools\tests\test_feature_data.py" line="241" name="test_labels_y_id" time="0.285"></testcase><testcase classname="research_tools.tests.test_feature_data.Test_feature_data_labels" file="research_tools\tests\test_feature_data.py" line="246" name="test_label_y" time="0.283"></testcase><testcase classname="research_tools.tests.test_feature_data.Test_feature_data_df_X_and_df_y" file="research_tools\tests\test_feature_data.py" line="253" name="test_train_test_df_X_col" time="0.283"></testcase><testcase classname="research_tools.tests.test_feature_data.Test_feature_data_df_X_and_df_y" file="research_tools\tests\test_feature_data.py" line="257" name="test_train_test_df_y_col" time="0.298"></testcase><testcase classname="research_tools.tests.test_feature_data.Test_feature_data_df_X_and_df_y" file="research_tools\tests\test_feature_data.py" line="261" name="test_train_test_df_X_vals" time="0.283"></testcase><testcase classname="research_tools.tests.test_feature_data.Test_feature_data_df_X_and_df_y" file="research_tools\tests\test_feature_data.py" line="265" name="test_train_test_df_y_vals" time="0.304"></testcase><testcase classname="research_tools.tests.test_feature_data.Test_feature_data_df_X_and_df_y" file="research_tools\tests\test_feature_data.py" line="269" name="test_train_test_df_X_proportion" time="0.298"></testcase><testcase classname="research_tools.tests.test_feature_data.Test_feature_data_df_X_and_df_y" file="research_tools\tests\test_feature_data.py" line="276" name="test_train_test_df_y_proportion" time="0.308"></testcase><testcase classname="research_tools.tests.test_feature_data.Test_feature_data_cv_rep_strat" file="research_tools\tests\test_feature_data.py" line="285" name="test_cv_rep_strat_prop_75" time="0.290"></testcase><testcase classname="research_tools.tests.test_feature_data.Test_feature_data_cv_rep_strat" file="research_tools\tests\test_feature_data.py" line="297" name="test_cv_rep_strat_prop_67" time="0.294"></testcase><testcase classname="research_tools.tests.test_feature_data.Test_feature_data_cv_rep_strat" file="research_tools\tests\test_feature_data.py" line="309" name="test_cv_rep_strat_prop_50" time="0.299"></testcase><testcase classname="research_tools.tests.test_feature_data.Test_feature_data_cv_rep_strat" file="research_tools\tests\test_feature_data.py" line="321" name="test_cv_rep_strat_n_unique_strats_train" time="0.309"></testcase><testcase classname="research_tools.tests.test_feature_data.Test_feature_data_cv_rep_strat" file="research_tools\tests\test_feature_data.py" line="335" name="test_cv_rep_strat_n_unique_strats_val" time="0.320"></testcase><testcase classname="research_tools.tests.test_feature_data.Test_feature_data_dir_results" file="research_tools\tests\test_feature_data.py" line="351" name="test_dir_results_new_dir" time="0.126"></testcase><testcase classname="research_tools.tests.test_feature_data.Test_feature_data_dir_results" file="research_tools\tests\test_feature_data.py" line="355" name="test_dir_results_readme_exists" time="0.123"></testcase><testcase classname="research_tools.tests.test_feature_data.Test_feature_data_dir_results" file="research_tools\tests\test_feature_data.py" line="361" name="test_dir_results_df_X_exists" time="0.325"></testcase><testcase classname="research_tools.tests.test_feature_data.Test_feature_data_dir_results" file="research_tools\tests\test_feature_data.py" line="368" name="test_dir_results_df_y_exists" time="0.332"></testcase><testcase classname="research_tools.tests.test_feature_data.Test_feature_data_set_kwargs" file="research_tools\tests\test_feature_data.py" line="377" name="test_set_kwargs_no_base_dir_data" time="0.001"></testcase><testcase classname="research_tools.tests.test_feature_data.Test_feature_data_set_kwargs" file="research_tools\tests\test_feature_data.py" line="381" name="test_set_kwargs_config_dict_none" time="0.113"></testcase><testcase classname="research_tools.tests.test_feature_data.Test_feature_data_set_kwargs" file="research_tools\tests\test_feature_data.py" line="386" name="test_set_kwargs_base_dir_data" time="0.112"></testcase><testcase classname="research_tools.tests.test_feature_data.Test_feature_data_set_kwargs" file="research_tools\tests\test_feature_data.py" line="391" name="test_set_kwargs_random_seed" time="0.111"></testcase><testcase classname="research_tools.tests.test_feature_data.Test_feature_data_set_kwargs" file="research_tools\tests\test_feature_data.py" line="396" name="test_set_kwargs_by_config_dict_random_seed" time="0.111"></testcase><testcase classname="research_tools.tests.test_feature_data.Test_feature_data_set_kwargs" file="research_tools\tests\test_feature_data.py" line="401" name="test_set_kwargs_config_dict_override_random_seed" time="0.110"></testcase><testcase classname="research_tools.tests.test_feature_data.Test_feature_data_set_kwargs" file="research_tools\tests\test_feature_data.py" line="406" name="test_set_kwargs_get_feat_group_X_y_override_random_seed" time="0.308"></testcase><testcase classname="research_tools.tests.test_feature_data.Test_feature_data_set_kwargs" file="research_tools\tests\test_feature_data.py" line="413" name="test_set_kwargs_kfold_repeated_stratified_override_random_seed" time="0.283"></testcase><testcase classname="research_tools.tests.test_feature_selection.Test_feature_selection_self" file="research_tools\tests\test_feature_selection.py" line="38" name="test_model_fs_name" time="0.300"></testcase><testcase classname="research_tools.tests.test_feature_selection.Test_feature_selection_self" file="research_tools\tests\test_feature_selection.py" line="42" name="test_model_fs_params_set" time="0.291"></testcase><testcase classname="research_tools.tests.test_feature_selection.Test_feature_selection_self" file="research_tools\tests\test_feature_selection.py" line="46" name="test_model_fs_precompute_not_set" time="0.292"></testcase><testcase classname="research_tools.tests.test_feature_selection.Test_feature_selection_self" file="research_tools\tests\test_feature_selection.py" line="54" name="test_model_fs_params_adjust_min" time="0.287"></testcase><testcase classname="research_tools.tests.test_feature_selection.Test_feature_selection_self" file="research_tools\tests\test_feature_selection.py" line="58" name="test_model_fs_params_adjust_max" time="0.295"></testcase><testcase classname="research_tools.tests.test_feature_selection.Test_feature_selection_self" file="research_tools\tests\test_feature_selection.py" line="62" name="test_n_feats" time="0.286"></testcase><testcase classname="research_tools.tests.test_feature_selection.Test_feature_selection_self" file="research_tools\tests\test_feature_selection.py" line="66" name="test_n_linspace" time="0.290"></testcase><testcase classname="research_tools.tests.test_feature_selection.Test_feature_selection_self" file="research_tools\tests\test_feature_selection.py" line="70" name="test_exit_on_stagnant_n" time="0.282"></testcase><testcase classname="research_tools.tests.test_feature_selection.Test_feature_selection_self" file="research_tools\tests\test_feature_selection.py" line="74" name="test_step_pct" time="0.289"></testcase><testcase classname="research_tools.tests.test_feature_selection.Test_feature_selection_find_params" file="research_tools\tests\test_feature_selection.py" line="80" name="test_find_params_n_feats" time="0.773"></testcase><testcase classname="research_tools.tests.test_feature_selection.Test_feature_selection_get_X_select" file="research_tools\tests\test_feature_selection.py" line="93" name="test_X_train_select_shape" time="0.720"></testcase><testcase classname="research_tools.tests.test_feature_selection.Test_feature_selection_get_X_select" file="research_tools\tests\test_feature_selection.py" line="97" name="test_X_test_select_shape" time="0.734"></testcase><testcase classname="research_tools.tests.test_feature_selection.Test_feature_selection_get_X_select" file="research_tools\tests\test_feature_selection.py" line="101" name="test_X_train_select_feat_dims" time="0.747"></testcase><testcase classname="research_tools.tests.test_feature_selection.Test_feature_selection_get_X_select" file="research_tools\tests\test_feature_selection.py" line="106" name="test_X_test_select_feat_dims" time="0.839"></testcase><testcase classname="research_tools.tests.test_feature_selection.Test_feature_selection_X_select_labels_x" file="research_tools\tests\test_feature_selection.py" line="113" name="test_labels_x_exists" time="0.734"></testcase><testcase classname="research_tools.tests.test_join_tables.Test_join_tables_exist" file="research_tools\tests\test_join_tables.py" line="40" name="test_dates" time="0.019"></testcase><testcase classname="research_tools.tests.test_join_tables.Test_join_tables_exist" file="research_tools\tests\test_join_tables.py" line="46" name="test_exp" time="0.019"></testcase><testcase classname="research_tools.tests.test_join_tables.Test_join_tables_exist" file="research_tools\tests\test_join_tables.py" line="52" name="test_trt" time="0.019"></testcase><testcase classname="research_tools.tests.test_join_tables.Test_join_tables_exist" file="research_tools\tests\test_join_tables.py" line="58" name="test_n_apps" time="0.019"></testcase><testcase classname="research_tools.tests.test_join_tables.Test_join_tables_exist" file="research_tools\tests\test_join_tables.py" line="65" name="test_n_crf" time="0.018"></testcase><testcase classname="research_tools.tests.test_join_tables.Test_join_tables_dap_dae" file="research_tools\tests\test_join_tables.py" line="74" name="test_dap_column" time="0.037"></testcase><testcase classname="research_tools.tests.test_join_tables.Test_join_tables_dap_dae" file="research_tools\tests\test_join_tables.py" line="78" name="test_dae_column" time="0.039"></testcase><testcase classname="research_tools.tests.test_join_tables.Test_join_tables_dap_dae" file="research_tools\tests\test_join_tables.py" line="82" name="test_join_closest_date_column" time="0.047"></testcase><testcase classname="research_tools.tests.test_join_tables.Test_join_tables_dap_dae" file="research_tools\tests\test_join_tables.py" line="87" name="test_dap_calc_correct" time="0.036"></testcase><testcase classname="research_tools.tests.test_join_tables.Test_join_tables_dap_dae" file="research_tools\tests\test_join_tables.py" line="95" name="test_dae_calc_correct" time="0.035"></testcase><testcase classname="research_tools.tests.test_join_tables.Test_join_tables_join_closest" file="research_tools\tests\test_join_tables.py" line="105" name="test_join_closest_date_same" time="0.023"></testcase><testcase classname="research_tools.tests.test_join_tables.Test_join_tables_join_closest" file="research_tools\tests\test_join_tables.py" line="113" name="test_join_closest_date_up1" time="0.019"></testcase><testcase classname="research_tools.tests.test_join_tables.Test_join_tables_join_closest" file="research_tools\tests\test_join_tables.py" line="122" name="test_join_closest_date_up2" time="0.020"></testcase><testcase classname="research_tools.tests.test_join_tables.Test_join_tables_join_closest" file="research_tools\tests\test_join_tables.py" line="131" name="test_join_closest_date_up3" time="0.022"></testcase><testcase classname="research_tools.tests.test_join_tables.Test_join_tables_join_closest" file="research_tools\tests\test_join_tables.py" line="140" name="test_join_closest_date_down2" time="0.022"></testcase><testcase classname="research_tools.tests.test_join_tables.Test_join_tables_join_closest" file="research_tools\tests\test_join_tables.py" line="149" name="test_join_closest_date_tol0" time="0.025"></testcase><testcase classname="research_tools.tests.test_training.Test_training_self" file="research_tools\tests\test_training.py" line="42" name="test_kwargs_override_regressor" time="0.720"></testcase><testcase classname="research_tools.tests.test_training.Test_training_self" file="research_tools\tests\test_training.py" line="48" name="test_kwargs_override_regressor_params" time="0.729"></testcase><testcase classname="research_tools.tests.test_training.Test_training_self" file="research_tools\tests\test_training.py" line="55" name="test_kwargs_override_param_grid" time="0.697"></testcase><testcase classname="research_tools.tests.test_training.Test_training_self" file="research_tools\tests\test_training.py" line="61" name="test_kwargs_override_n_jobs_tune" time="0.730"></testcase><testcase classname="research_tools.tests.test_training.Test_training_self" file="research_tools\tests\test_training.py" line="67" name="test_kwargs_override_scoring" time="0.696"></testcase><testcase classname="research_tools.tests.test_training.Test_training_self" file="research_tools\tests\test_training.py" line="73" name="test_kwargs_override_refit" time="0.693"></testcase><testcase classname="research_tools.tests.test_training.Test_training_self" file="research_tools\tests\test_training.py" line="80" name="test_kwargs_override_rank_scoring" time="0.777"></testcase><testcase classname="research_tools.tests.test_training.Test_training_self" file="research_tools\tests\test_training.py" line="87" name="test_kwargs_override_print_out_train" time="2.515"></testcase><testcase classname="research_tools.tests.test_training.Test_training_self_simple" file="research_tools\tests\test_training.py" line="96" name="test_kwargs_override_regressor" time="0.376"></testcase><testcase classname="research_tools.tests.test_training.Test_training_df_tune_scores" file="research_tools\tests\test_training.py" line="115" name="test_scoring_len" time="1.332"></testcase><testcase classname="research_tools.tests.test_training.Test_training_df_tune_scores" file="research_tools\tests\test_training.py" line="119" name="test_scores0" time="3.507"></testcase><testcase classname="research_tools.tests.test_training.Test_training_df_tune_scores" file="research_tools\tests\test_training.py" line="126" name="test_scores1" time="2.506"></testcase><testcase classname="research_tools.tests.test_training.Test_training_df_tune_scores" file="research_tools\tests\test_training.py" line="133" name="test_scores2" time="1.986"></testcase><testcase classname="research_tools.tests.test_training.Test_training_df_tune_scores" file="research_tools\tests\test_training.py" line="140" name="test_scores_no_rank_scoring" time="2.309"></testcase><testcase classname="research_tools.tests.test_training.Test_training_df_test_full" file="research_tools\tests\test_training.py" line="148" name="test_df_test_full_scores" time="2.322"></testcase><testcase classname="research_tools.tests.test_training.Test_training_df_test_full" file="research_tools\tests\test_training.py" line="157" name="test_df_test_full_uid_unique" time="1.026"></testcase><testcase classname="research_tools.tests.test_training.Test_training_df_test_features" file="research_tools\tests\test_training.py" line="163" name="test_features_no_duplicates" time="1.344"></testcase><testcase classname="research_tools.tests.test_training.Test_training_df_test_features" file="research_tools\tests\test_training.py" line="169" name="test_features_unique_feat_n" time="1.981"></testcase><testcase classname="research_tools.tests.test_training.Test_training_df_test_features" file="research_tools\tests\test_training.py" line="175" name="test_features_len_feats_x_select" time="1.306"></testcase><testcase classname="research_tools.tests.test_training.Test_training_df_test_features" file="research_tools\tests\test_training.py" line="180" name="test_features_len_rank_n_select" time="1.039"></testcase><testcase classname="research_tools.tests.test_training.Test_training_df_tune_params" file="research_tools\tests\test_training.py" line="186" name="test_df_tune_params_reg_tune_match1" time="2.896"></testcase><testcase classname="research_tools.tests.test_training.Test_training_df_tune_params" file="research_tools\tests\test_training.py" line="195" name="test_df_tune_set_params_from_params_regressor" time="1.958"></testcase><testcase classname="research_tools.tests.test_training.Test_training_set_kwargs" file="research_tools\tests\test_training.py" line="224" name="test_set_kwargs_no_base_dir_data" time="0.001"></testcase><testcase classname="research_tools.tests.test_training.Test_training_set_kwargs" file="research_tools\tests\test_training.py" line="228" name="test_set_kwargs_config_dict_none" time="0.279"></testcase><testcase classname="research_tools.tests.test_training.Test_training_set_kwargs" file="research_tools\tests\test_training.py" line="234" name="test_set_kwargs_regressor" time="1.760"></testcase><testcase classname="research_tools.tests.test_training.Test_training_set_kwargs" file="research_tools\tests\test_training.py" line="246" name="test_set_kwargs_regressor_two_models" time="1.374"></testcase><testcase classname="research_tools.tests.test_training.Test_training_predict" file="research_tools\tests\test_training.py" line="261" name="test_predict_X_check_n_feats" time="3.766"></testcase><testcase classname="research_tools.tests.test_training.Test_training_predict" file="research_tools\tests\test_training.py" line="267" name="test_predict_X_n_feats_2" time="2.551"></testcase><testcase classname="research_tools.tests.test_training.Test_training_predict" file="research_tools\tests\test_training.py" line="275" name="test_predict_X_n_feats_3" time="4.180"></testcase><testcase classname="research_tools.tests.test_training.Test_training_predict" file="research_tools\tests\test_training.py" line="283" name="test_predict_X_n_feats_4" time="2.788"></testcase><testcase classname="research_tools.tests.test_training.Test_training_predict" file="research_tools\tests\test_training.py" line="291" name="test_predict_X_n_feats_5" time="2.492"></testcase></testsuite></testsuites>